########## TEST 2026-09-17T20:00:48+08:00 ##########

> pc-quote-app@0.0.0 test
> vitest run --config vitest.config.ts


[1m[30m[46m RUN [49m[39m[22m [36mv4.1.5 [39m[90mC:/Users/wuerl/Documents/工作同步/pc-quote/frontend[39m

 [32m✓[39m src/utils/date.test.ts [2m([22m[2m2 tests[22m[2m)[22m[32m 3[2mms[22m[39m
 [32m✓[39m src/utils/money.test.ts [2m([22m[2m3 tests[22m[2m)[22m[32m 4[2mms[22m[39m
 [32m✓[39m src/utils/hardwareLibraryExcel.test.ts [2m([22m[2m3 tests[22m[2m)[22m[32m 4[2mms[22m[39m
 [32m✓[39m src/utils/api.test.ts [2m([22m[2m9 tests[22m[2m)[22m[32m 10[2mms[22m[39m

[2m Test Files [22m [1m[32m4 passed[39m[22m[90m (4)[39m
[2m      Tests [22m [1m[32m17 passed[39m[22m[90m (17)[39m
[2m   Start at [22m 20:00:57
[2m   Duration [22m 758ms[2m (transform 227ms, setup 0ms, import 443ms, tests 21ms, environment 0ms)[22m

npm notice
npm notice New major version of npm available! 10.9.7 -> 12.0.2
npm notice Changelog: https://github.com/npm/cli/releases/tag/v12.0.2
npm notice To update run: npm install -g npm@12.0.2
npm notice
TEST_EXIT=0
########## BUILD 2026-09-17T20:00:58+08:00 ##########

> pc-quote-app@0.0.0 build
> tsc -b && vite build

[36mvite v8.0.11 [32mbuilding client environment for production...[36m[39m
[2Ktransforming...✓ 253 modules transformed.
rendering chunks...
computing gzip size...
dist/index.html                         1.94 kB │ gzip:   1.02 kB
dist/assets/index-DTeXq3Pt.css         67.07 kB │ gzip:  13.18 kB
dist/assets/typeof-mVVFPGHC.js          0.27 kB │ gzip:   0.16 kB
dist/assets/purify.es-BEO7sGA_.js      22.44 kB │ gzip:   8.81 kB
dist/assets/index.es-BpYh_y4H.js      151.41 kB │ gzip:  48.89 kB
dist/assets/html2canvas-B07fzDQW.js   199.56 kB │ gzip:  46.78 kB
dist/assets/index-BhKG-iXZ.js         359.77 kB │ gzip: 107.39 kB
dist/assets/jspdf.es.min-B8eBfTzS.js  399.25 kB │ gzip: 129.53 kB
dist/assets/xlsx-B1VYu86S.js          424.76 kB │ gzip: 141.51 kB

[32m✓ built in 2.07s[39m
BUILD_EXIT=0
########## LINT 2026-09-17T20:01:07+08:00 ##########

> pc-quote-app@0.0.0 lint
> eslint .


C:\Users\wuerl\Documents\工作同步\pc-quote\frontend\src\App.tsx
  275:22  error    Error: Calling setState synchronously within an effect can trigger cascading renders

Effects are intended to synchronize state between React and external systems such as manually updating the DOM, state management libraries, or other platform APIs. In general, the body of an effect should do one or both of the following:
* Update external systems with the latest state from React.
* Subscribe for updates from some external system, calling setState in a callback function when external state changes.

Calling setState synchronously within an effect body causes cascading renders that can hurt performance, and is not recommended. (https://react.dev/learn/you-might-not-need-an-effect).

C:\Users\wuerl\Documents\工作同步\pc-quote\frontend\src\App.tsx:275:22
  273 |   // 登录后从云端加载硬件库、模板和报价配置
  274 |   useEffect(() => {
> 275 |     if (!loggedIn) { setProfile(null); setCurrentStore(null); setAuthLoading(false); return }
      |                      ^^^^^^^^^^ Avoid calling setState() directly within an effect
  276 |     setAuthLoading(true)
  277 |     loadProfile().catch(() => { clearToken(); setLoggedIn(false) }).finally(() => setAuthLoading(false))
  278 |   }, [loggedIn])  react-hooks/set-state-in-effect
  282:5   error    Error: Calling setState synchronously within an effect can trigger cascading renders

Effects are intended to synchronize state between React and external systems such as manually updating the DOM, state management libraries, or other platform APIs. In general, the body of an effect should do one or both of the following:
* Update external systems with the latest state from React.
* Subscribe for updates from some external system, calling setState in a callback function when external state changes.

Calling setState synchronously within an effect body causes cascading renders that can hurt performance, and is not recommended. (https://react.dev/learn/you-might-not-need-an-effect).

C:\Users\wuerl\Documents\工作同步\pc-quote\frontend\src\App.tsx:282:5
  280 |   useEffect(() => {
  281 |     if (!loggedIn || !profile) return
> 282 |     setCloudLoading(true)
      |     ^^^^^^^^^^^^^^^ Avoid calling setState() directly within an effect
  283 |     Promise.all([
  284 |       fetchLibrary(),
  285 |       fetchTemplates(),                                                                                                                                                         react-hooks/set-state-in-effect
  289:41  error    Unexpected any. Specify a different type                                                                                                                                                                                                                                                                                                                                                                                                                                                                                                                                                                                                                                                                                                                                                                                                                                                                                                                                                                                                                                                                                                                                                                                        @typescript-eslint/no-explicit-any
  296:72  error    Unexpected any. Specify a different type                                                                                                                                                                                                                                                                                                                                                                                                                                                                                                                                                                                                                                                                                                                                                                                                                                                                                                                                                                                                                                                                                                                                                                                        @typescript-eslint/no-explicit-any
  298:51  error    Empty block statement                                                                                                                                                                                                                                                                                                                                                                                                                                                                                                                                                                                                                                                                                                                                                                                                                                                                                                                                                                                                                                                                                                                                                                                                           no-empty
  305:33  error    Unexpected any. Specify a different type                                                                                                                                                                                                                                                                                                                                                                                                                                                                                                                                                                                                                                                                                                                                                                                                                                                                                                                                                                                                                                                                                                                                                                                        @typescript-eslint/no-explicit-any
  323:6   warning  React Hook useEffect has a missing dependency: 'categoryOrder'. Either include it or remove the dependency array                                                                                                                                                                                                                                                                                                                                                                                                                                                                                                                                                                                                                                                                                                                                                                                                                                                                                                                                                                                                                                                                                                                react-hooks/exhaustive-deps

C:\Users\wuerl\Documents\工作同步\pc-quote\frontend\src\components\HardwareLibrarySection.tsx
  351:6  warning  React Hook useCallback has a missing dependency: 'priceImage'. Either include it or remove the dependency array  react-hooks/exhaustive-deps

C:\Users\wuerl\Documents\工作同步\pc-quote\frontend\src\components\OrdersPages.tsx
  16:82   error    Error: Calling setState synchronously within an effect can trigger cascading renders

Effects are intended to synchronize state between React and external systems such as manually updating the DOM, state management libraries, or other platform APIs. In general, the body of an effect should do one or both of the following:
* Update external systems with the latest state from React.
* Subscribe for updates from some external system, calling setState in a callback function when external state changes.

Calling setState synchronously within an effect body causes cascading renders that can hurt performance, and is not recommended. (https://react.dev/learn/you-might-not-need-an-effect).

C:\Users\wuerl\Documents\工作同步\pc-quote\frontend\src\components\OrdersPages.tsx:16:82
  14 | export function OrderDetailPage() {
  15 |   const { id } = useParams(); const navigate = useNavigate(); const [order, setOrder] = useState<Order | null>(null); const [error, setError] = useState(''); const [payAmount, setPayAmount] = useState(''); const [method, setMethod] = useState<PaymentMethod>('transfer'); const [note, setNote] = useState(''); const [saving, setSaving] = useState(false); const orderId = Number(id); const remaining = useMemo(() => Math.max(0, (order?.totalCents ?? 0) - (order?.paidCents ?? 0)), [order]); const reload = () => fetchOrder(orderId).then(setOrder).catch((err: unknown) => setError(err instanceof Error ? err.message : '订单加载失败'))
> 16 |   useEffect(() => { if (Number.isInteger(orderId) && orderId > 0) reload(); else setError('订单编号无效') }, [orderId])
     |                                                                                  ^^^^^^^^ Avoid calling setState() directly within an effect
  17 |   const savePayment = async () => { const amountCents = Math.round(Number(payAmount) * 100); if (!amountCents || amountCents < 0) { setError('请输入大于零的收款金额'); return }; setSaving(true); setError(''); try { await addOrderPayment(orderId, { amountCents, paymentMethod: method, remark: note.trim() }); setPayAmount(''); setNote(''); reload() } catch (err) { setError(err instanceof Error ? err.message : '登记收款失败') } finally { setSaving(false) } }
  18 |   const setStatus = async (status: OrderStatus) => { setSaving(true); setError(''); try { await updateOrderStatus(orderId, status); reload() } catch (err) { setError(err instanceof Error ? err.message : '更新状态失败') } finally { setSaving(false) } }
  19 |   if (error && !order) return <section className="orders-page"><p className="orders-error">{error}</p><button className="btn" onClick={() => navigate('/orders')}>返回订单列表</button></section>  react-hooks/set-state-in-effect
  16:104  warning  React Hook useEffect has a missing dependency: 'reload'. Either include it or remove the dependency array                                                                                                                                                                                                                                                                                                                                                                                                                                                                                                                                                                                                                                                                                                                                                                                                                                                                                                                                                                                                                                                                                                                                                                                                                                                                                                                                                                                                                                                                                                                                                                                                                                                                                                                                                                                                                                                                                                                                                                                                                                                                                                                                                                                                                                                                                                                                                                                                                                                                                                                                                                                                                  react-hooks/exhaustive-deps

C:\Users\wuerl\Documents\工作同步\pc-quote\frontend\src\components\ProductManagementPage.tsx
  20:21  error    Error: Calling setState synchronously within an effect can trigger cascading renders

Effects are intended to synchronize state between React and external systems such as manually updating the DOM, state management libraries, or other platform APIs. In general, the body of an effect should do one or both of the following:
* Update external systems with the latest state from React.
* Subscribe for updates from some external system, calling setState in a callback function when external state changes.

Calling setState synchronously within an effect body causes cascading renders that can hurt performance, and is not recommended. (https://react.dev/learn/you-might-not-need-an-effect).

C:\Users\wuerl\Documents\工作同步\pc-quote\frontend\src\components\ProductManagementPage.tsx:20:21
  18 |   const loadMeta = async () => { const [cs, bs] = await Promise.all([fetchProductCategories(true), fetchProductBrands(true)]); setCategories(cs); setBrands(bs) }
  19 |   const load = async () => { setLoading(true); setError(''); try { const data = await fetchProducts({ search: keyword, categoryId: categoryId ? Number(categoryId) : undefined, brandId: brandId ? Number(brandId) : undefined, status: status || undefined, page, pageSize: 20 }); setProducts(data.items); setTotal(data.total) } catch (e) { setError(e instanceof Error ? e.message : '加载商品失败') } finally { setLoading(false) } }
> 20 |   useEffect(() => { loadMeta().catch((e) => setError(e instanceof Error ? e.message : '加载分类品牌失败')) }, [])
     |                     ^^^^^^^^ Avoid calling setState() directly within an effect
  21 |   useEffect(() => { load() }, [keyword, categoryId, brandId, status, page])
  22 |   const open = (product?: Product) => { setEditing(product || null); setForm(product ? { sku: product.sku, name: product.name, categoryId: String(product.category_id), brandId: String(product.brand_id || ''), itemType: product.item_type, defaultPrice: yuan(product.default_price_cents), referencePrice: yuan(product.reference_price_cents), minPrice: yuan(product.min_price_cents), purchasePrice: yuan(product.purchase_price_cents), averageCost: yuan(product.average_cost_cents), isSerialized: !!product.is_serialized, isSalable: !!product.is_salable, isPurchasable: !!product.is_purchasable, safetyStockQty: String(product.safety_stock_qty ?? 0), warrantyMonths: String(product.warranty_months ?? 36) } : blank()) }
  23 |   const change = <K extends keyof Form>(key: K, value: Form[K]) => setForm((current) => { if (!current) return current; const next = { ...current, [key]: value }; if (key === 'itemType' && value === 'service') return { ...next, isSerialized: false, isPurchasable: false, safetyStockQty: '0' }; return next })                                                                                                                                                                                                                                                                                                                                                                                                                                                                                                                                                                                                                                                                                                                                                                                                                                                                                                                                                                                                                                                                                                                                       react-hooks/set-state-in-effect
  21:21  error    Error: Calling setState synchronously within an effect can trigger cascading renders

Effects are intended to synchronize state between React and external systems such as manually updating the DOM, state management libraries, or other platform APIs. In general, the body of an effect should do one or both of the following:
* Update external systems with the latest state from React.
* Subscribe for updates from some external system, calling setState in a callback function when external state changes.

Calling setState synchronously within an effect body causes cascading renders that can hurt performance, and is not recommended. (https://react.dev/learn/you-might-not-need-an-effect).

C:\Users\wuerl\Documents\工作同步\pc-quote\frontend\src\components\ProductManagementPage.tsx:21:21
  19 |   const load = async () => { setLoading(true); setError(''); try { const data = await fetchProducts({ search: keyword, categoryId: categoryId ? Number(categoryId) : undefined, brandId: brandId ? Number(brandId) : undefined, status: status || undefined, page, pageSize: 20 }); setProducts(data.items); setTotal(data.total) } catch (e) { setError(e instanceof Error ? e.message : '加载商品失败') } finally { setLoading(false) } }
  20 |   useEffect(() => { loadMeta().catch((e) => setError(e instanceof Error ? e.message : '加载分类品牌失败')) }, [])
> 21 |   useEffect(() => { load() }, [keyword, categoryId, brandId, status, page])
     |                     ^^^^ Avoid calling setState() directly within an effect
  22 |   const open = (product?: Product) => { setEditing(product || null); setForm(product ? { sku: product.sku, name: product.name, categoryId: String(product.category_id), brandId: String(product.brand_id || ''), itemType: product.item_type, defaultPrice: yuan(product.default_price_cents), referencePrice: yuan(product.reference_price_cents), minPrice: yuan(product.min_price_cents), purchasePrice: yuan(product.purchase_price_cents), averageCost: yuan(product.average_cost_cents), isSerialized: !!product.is_serialized, isSalable: !!product.is_salable, isPurchasable: !!product.is_purchasable, safetyStockQty: String(product.safety_stock_qty ?? 0), warrantyMonths: String(product.warranty_months ?? 36) } : blank()) }
  23 |   const change = <K extends keyof Form>(key: K, value: Form[K]) => setForm((current) => { if (!current) return current; const next = { ...current, [key]: value }; if (key === 'itemType' && value === 'service') return { ...next, isSerialized: false, isPurchasable: false, safetyStockQty: '0' }; return next })
  24 |   const submit = async () => { if (!form) return; const sku = form.sku.trim().toUpperCase(); if (!/^[A-Z0-9][A-Z0-9-]{0,63}$/.test(sku)) { setError('SKU 仅支持大写字母、数字和连字符，长度 1–64'); return }; if (!form.categoryId || !form.name.trim()) { setError('请填写分类和商品名称'); return }; const service = form.itemType === 'service'; const input: ProductInput = { sku, name: form.name.trim(), categoryId: Number(form.categoryId), brandId: form.brandId ? Number(form.brandId) : null, itemType: form.itemType, defaultPriceCents: cents(form.defaultPrice), referencePriceCents: cents(form.referencePrice), minPriceCents: cents(form.minPrice), isSerialized: service ? 0 : Number(form.isSerialized), isSalable: Number(form.isSalable), isPurchasable: service ? 0 : Number(form.isPurchasable), safetyStockQty: service ? 0 : Math.max(0, Number(form.safetyStockQty) || 0), warrantyMonths: service ? 36 : Math.max(1, Number(form.warrantyMonths) || 36), ...(canCost ? { purchasePriceCents: cents(form.purchasePrice), averageCostCents: cents(form.averageCost) } : {}) }; try { if (editing) await updateProduct(editing.id, input); else await createProduct(input); setForm(null); setNotice(editing ? '商品已更新' : '商品已创建'); load() } catch (e) { setError(e instanceof Error ? e.message : '保存失败') } }  react-hooks/set-state-in-effect
  21:31  warning  React Hook useEffect has a missing dependency: 'load'. Either include it or remove the dependency array                                                                                                                                                                                                                                                                                                                                                                                                                                                                                                                                                                                                                                                                                                                                                                                                                                                                                                                                                                                                                                                                                                                                                                                                                                                                                                                                                                                                                                                                                                                                                                                                                                                                                                                                                                                                                                                                                                                                                                                                                                                                                                                                                                                                                                                                                                                                                                                                                                                                                                                                                                                                                                                                                                                                                                                                                                                                                                                                                                                                                                                                                                                                                                                                                                                                                                                                                                                                                                                                                                                                                                                                                                                                                                                                                                                                                                                 react-hooks/exhaustive-deps

C:\Users\wuerl\Documents\工作同步\pc-quote\frontend\src\components\QuoteItemsSection.tsx
  6:14  error  Fast refresh only works when a file only exports components. Use a new file to share constants or functions between components  react-refresh/only-export-components

C:\Users\wuerl\Documents\工作同步\pc-quote\frontend\src\components\SystemSettingsPage.tsx
   6:14  error  Fast refresh only works when a file only exports components. Use a new file to share constants or functions between components                                                                                                                                                                                                                                                                                                                                                                                                                                                                                                                                                                                                                                                                                                                                                                                                                                                                                                                                                                                                                                                                                                                                                                                                   react-refresh/only-export-components
  26:21  error  Error: Calling setState synchronously within an effect can trigger cascading renders

Effects are intended to synchronize state between React and external systems such as manually updating the DOM, state management libraries, or other platform APIs. In general, the body of an effect should do one or both of the following:
* Update external systems with the latest state from React.
* Subscribe for updates from some external system, calling setState in a callback function when external state changes.

Calling setState synchronously within an effect body causes cascading renders that can hurt performance, and is not recommended. (https://react.dev/learn/you-might-not-need-an-effect).

C:\Users\wuerl\Documents\工作同步\pc-quote\frontend\src\components\SystemSettingsPage.tsx:26:21
  24 |   const [roleIds, setRoleIds] = useState<number[]>([])
  25 |
> 26 |   useEffect(() => { setStore(currentStore) }, [currentStore])
     |                     ^^^^^^^^ Avoid calling setState() directly within an effect
  27 |   useEffect(() => {
  28 |     let active = true
  29 |     setLoading(true); setError('')                                                                                                                                                                                react-hooks/set-state-in-effect
  29:5   error  Error: Calling setState synchronously within an effect can trigger cascading renders

Effects are intended to synchronize state between React and external systems such as manually updating the DOM, state management libraries, or other platform APIs. In general, the body of an effect should do one or both of the following:
* Update external systems with the latest state from React.
* Subscribe for updates from some external system, calling setState in a callback function when external state changes.

Calling setState synchronously within an effect body causes cascading renders that can hurt performance, and is not recommended. (https://react.dev/learn/you-might-not-need-an-effect).

C:\Users\wuerl\Documents\工作同步\pc-quote\frontend\src\components\SystemSettingsPage.tsx:29:5
  27 |   useEffect(() => {
  28 |     let active = true
> 29 |     setLoading(true); setError('')
     |     ^^^^^^^^^^ Avoid calling setState() directly within an effect
  30 |     const jobs: Promise<unknown>[] = [fetchCurrentStore().then((value) => { if (active) setStore(value) })]
  31 |     if (canManageMembers) jobs.push(fetchMembers().then((value) => { if (active) setMembers(value) }))
  32 |     if (canViewRoles) jobs.push(fetchRoles().then((value) => { if (active) setRoles(value) }))  react-hooks/set-state-in-effect

C:\Users\wuerl\Documents\工作同步\pc-quote\frontend\src\utils\api.test.ts
  54:36  error  '_input' is defined but never used  @typescript-eslint/no-unused-vars
  54:63  error  '_init' is defined but never used   @typescript-eslint/no-unused-vars
  72:36  error  '_input' is defined but never used  @typescript-eslint/no-unused-vars
  72:63  error  '_init' is defined but never used   @typescript-eslint/no-unused-vars

C:\Users\wuerl\Documents\工作同步\pc-quote\frontend\src\utils\api.ts
  27:170  error  Unexpected any. Specify a different type  @typescript-eslint/no-explicit-any
  29:71   error  Unexpected any. Specify a different type  @typescript-eslint/no-explicit-any
  31:61   error  Unexpected any. Specify a different type  @typescript-eslint/no-explicit-any
  31:101  error  Unexpected any. Specify a different type  @typescript-eslint/no-explicit-any
  32:66   error  Unexpected any. Specify a different type  @typescript-eslint/no-explicit-any
  32:124  error  Unexpected any. Specify a different type  @typescript-eslint/no-explicit-any
  34:49   error  Unexpected any. Specify a different type  @typescript-eslint/no-explicit-any
  35:57   error  Unexpected any. Specify a different type  @typescript-eslint/no-explicit-any
  37:45   error  Unexpected any. Specify a different type  @typescript-eslint/no-explicit-any
  37:86   error  Unexpected any. Specify a different type  @typescript-eslint/no-explicit-any
  38:54   error  Unexpected any. Specify a different type  @typescript-eslint/no-explicit-any

C:\Users\wuerl\Documents\工作同步\pc-quote\frontend\vite.config.ts
  20:29  error  Unexpected any. Specify a different type  @typescript-eslint/no-explicit-any
  21:57  error  Unexpected any. Specify a different type  @typescript-eslint/no-explicit-any
  21:67  error  Unexpected any. Specify a different type  @typescript-eslint/no-explicit-any
  24:32  error  Unexpected any. Specify a different type  @typescript-eslint/no-explicit-any
  37:25  error  Unexpected any. Specify a different type  @typescript-eslint/no-explicit-any
  38:53  error  Unexpected any. Specify a different type  @typescript-eslint/no-explicit-any
  51:23  error  Unexpected any. Specify a different type  @typescript-eslint/no-explicit-any

✖ 39 problems (35 errors, 4 warnings)

LINT_EXIT=1
